../Core/Src/main.c:78:6:AccessSharedResource	16	static
../Core/Src/main.c:102:5:main	8	static
../Core/Src/main.c:188:6:SystemClock_Config	72	static
../Core/Src/main.c:225:13:MX_GPIO_Init	32	static
../Core/Src/main.c:250:6:AccessSharedData	8	static
../Core/Src/main.c:277:6:StartDefaultTask	16	static
../Core/Src/main.c:295:6:StartGreenFlashTask	16	static
../Core/Src/main.c:317:6:StartRedFlashTask	16	static
../Core/Src/main.c:343:6:HAL_TIM_PeriodElapsedCallback	16	static
../Core/Src/main.c:360:6:Error_Handler	4	static,ignoring_inline_asm
